---
http_interactions:
- request:
    method: post
    uri: https://gateway.sandbox.fatzebra.com.au/v1.0/customers
    body:
      encoding: UTF-8
      string: '{"first_name":"Harrold","last_name":"Humphries","reference":"5ab372fcee49026e8a802ec0da62ae89","email":"hhump@test.com","ip_address":"180.200.33.181","card":{"card_holder":"Harrold
        Humphries Senior","card_number":"5123456789012346","expiry_date":"05/2023","cvv":"123"},"address":{"address":"1
        Harriet Road","city":"Kooliablin","state":"NSW","postcode":"2222","country":"Australia"},"test":true}'
    headers:
      Accept-Encoding:
      - gzip;q=1.0,deflate;q=0.6,identity;q=0.3
      Accept:
      - application/json
      User-Agent:
      - Ruby
      Authorization:
      - Basic VEVTVDpURVNU
      Content-Type:
      - application/json
  response:
    status:
      code: 200
      message: OK
    headers:
      Date:
      - Wed, 05 Jul 2017 05:53:14 GMT
      Content-Type:
      - application/json; charset=utf-8
      Transfer-Encoding:
      - chunked
      Connection:
      - keep-alive
      Status:
      - 200 OK
      X-Rack-Cache:
      - invalidate, pass
      Cache-Control:
      - no-store
      X-Request-Version:
      - 1.19.41
      X-Runtime:
      - '0.236349'
      Pragma:
      - no-cache
      X-Request-Id:
      - fe54208c1c8843d61911566a1449e604
      X-Backend:
      - sbox-priv-gateway-a
    body:
      encoding: UTF-8
      string: '{"successful":true,"response":{"id":"071-C-H7TS8KTH","email":null,"reference":"5ab372fcee49026e8a802ec0da62ae89","first_name":"Harrold","last_name":"Humphries","created_at":"2017-07-05T15:53:14+10:00","address":{"address":"1
        Harriet Road","city":"Kooliablin","state":"NSW","postcode":"2222","country":"Australia"},"card_token":"fke86c5u","card_number":"512345XXXXXX2346","bank_account":null,"metadata":{}},"errors":[],"test":true}'
    http_version: 
  recorded_at: Wed, 05 Jul 2017 05:53:14 GMT
- request:
    method: post
    uri: https://gateway.sandbox.fatzebra.com.au/v1.0/payment_plans
    body:
      encoding: UTF-8
      string: '{"payment_method":"Credit Card","customer":"071-C-H7TS8KTH","reference":"6af75e661e202145d5955ed553107e03","setup_fee":0,"amount":100,"start_date":"2015-07-16","frequency":"Weekly","anniversary":5,"total_count":5,"total_amount":500,"test":true}'
    headers:
      Accept-Encoding:
      - gzip;q=1.0,deflate;q=0.6,identity;q=0.3
      Accept:
      - application/json
      User-Agent:
      - Ruby
      Authorization:
      - Basic VEVTVDpURVNU
      Content-Type:
      - application/json
  response:
    status:
      code: 201
      message: Created
    headers:
      Date:
      - Wed, 05 Jul 2017 05:53:15 GMT
      Content-Type:
      - application/json; charset=utf-8
      Transfer-Encoding:
      - chunked
      Connection:
      - keep-alive
      Status:
      - 201 Created
      Cache-Control:
      - no-store
      X-Request-Version:
      - 1.19.41
      Pragma:
      - no-cache
      X-Request-Id:
      - e8265e6b1f20a7f82321757d535da079
      X-Runtime:
      - '0.179609'
      X-Rack-Cache:
      - invalidate, pass
      X-Backend:
      - sbox-priv-gateway-a
    body:
      encoding: UTF-8
      string: '{"successful":true,"response":{"id":"071-PP-UE8EEDHH","customer":"071-C-H7TS8KTH","amount":100,"currency":null,"setup_fee":0,"frequency":"Weekly","anniversary":5,"start_date":"2015-07-16","end_date":null,"total_count":5,"total_amount":500,"payment_method":"Credit
        Card","reference":"6af75e661e202145d5955ed553107e03","description":null,"status":"Active","status_reason":"None","created_at":"2017-07-05T15:53:15+10:00","failed_payment_fee":0,"retry_interval":3,"status_change_date":null,"payments":[{"id":"071-PT-D5CJOC78","payment_plan":"071-PP-UE8EEDHH","reference":"6af75e661e202145d5955ed553107e03-0001","amount":100,"currency":null,"scheduled_date":"2017-07-07","payment_method":"Credit
        Card","status":"Scheduled","result":null,"records":[]},{"id":"071-PT-1O2L2WIB","payment_plan":"071-PP-UE8EEDHH","reference":"6af75e661e202145d5955ed553107e03-0002","amount":100,"currency":null,"scheduled_date":"2017-07-14","payment_method":"Credit
        Card","status":"Scheduled","result":null,"records":[]},{"id":"071-PT-T9Y79Q2V","payment_plan":"071-PP-UE8EEDHH","reference":"6af75e661e202145d5955ed553107e03-0003","amount":100,"currency":null,"scheduled_date":"2017-07-21","payment_method":"Credit
        Card","status":"Scheduled","result":null,"records":[]},{"id":"071-PT-3DC3LS7B","payment_plan":"071-PP-UE8EEDHH","reference":"6af75e661e202145d5955ed553107e03-0004","amount":100,"currency":null,"scheduled_date":"2017-07-28","payment_method":"Credit
        Card","status":"Scheduled","result":null,"records":[]},{"id":"071-PT-O9Z2PEIT","payment_plan":"071-PP-UE8EEDHH","reference":"6af75e661e202145d5955ed553107e03-0005","amount":100,"currency":null,"scheduled_date":"2017-08-04","payment_method":"Credit
        Card","status":"Scheduled","result":null,"records":[]}]},"errors":[],"test":true}'
    http_version: 
  recorded_at: Wed, 05 Jul 2017 05:53:15 GMT
- request:
    method: delete
    uri: https://gateway.sandbox.fatzebra.com.au/v1.0/payment_plans/071-PP-UE8EEDHH
    body:
      encoding: UTF-8
      string: '{"test":true}'
    headers:
      Accept-Encoding:
      - gzip;q=1.0,deflate;q=0.6,identity;q=0.3
      Accept:
      - "*/*"
      User-Agent:
      - Ruby
      Authorization:
      - Basic VEVTVDpURVNU
  response:
    status:
      code: 200
      message: OK
    headers:
      Date:
      - Wed, 05 Jul 2017 05:53:15 GMT
      Content-Type:
      - application/json; charset=utf-8
      Transfer-Encoding:
      - chunked
      Connection:
      - keep-alive
      Status:
      - 200 OK
      Cache-Control:
      - no-store
      X-Request-Version:
      - 1.19.41
      Pragma:
      - no-cache
      X-Request-Id:
      - c49fce72ff621287ec697686a55384c7
      X-Runtime:
      - '0.073555'
      X-Rack-Cache:
      - invalidate, pass
      X-Backend:
      - sbox-priv-gateway-a
    body:
      encoding: UTF-8
      string: '{"successful":true,"response":{"id":"071-PP-UE8EEDHH","customer":"071-C-H7TS8KTH","amount":100,"currency":null,"setup_fee":0,"frequency":"Weekly","anniversary":5,"start_date":"2015-07-16","end_date":null,"total_count":5,"total_amount":500,"payment_method":"Credit
        Card","reference":"6af75e661e202145d5955ed553107e03","description":null,"status":"Cancelled","status_reason":"Other","created_at":"2017-07-05T15:53:15+10:00","failed_payment_fee":0,"retry_interval":3,"status_change_date":null,"payments":[]},"errors":[],"test":true}'
    http_version: 
  recorded_at: Wed, 05 Jul 2017 05:53:15 GMT
recorded_with: VCR 3.0.3
