---
http_interactions:
- request:
    method: post
    uri: https://gateway.sandbox.fatzebra.com.au/v1.0/customers
    body:
      encoding: UTF-8
      string: '{"first_name":"Harrold","last_name":"Humphries","reference":"bf055d8c969b86293b58ee1e07a4ecdd","email":"hhump@test.com","ip_address":"180.200.33.181","card":{"card_holder":"Harrold
        Humphries Senior","card_number":"5123456789012346","expiry_date":"05/2023","cvv":"123"},"address":{"address":"1
        Harriet Road","city":"Kooliablin","state":"NSW","postcode":"2222","country":"Australia"},"test":true}'
    headers:
      Accept-Encoding:
      - gzip;q=1.0,deflate;q=0.6,identity;q=0.3
      Accept:
      - application/json
      User-Agent:
      - Ruby
      Authorization:
      - Basic VEVTVDpURVNU
      Content-Type:
      - application/json
  response:
    status:
      code: 200
      message: OK
    headers:
      Date:
      - Tue, 08 May 2018 11:06:56 GMT
      Content-Type:
      - application/json; charset=utf-8
      Transfer-Encoding:
      - chunked
      Connection:
      - keep-alive
      Status:
      - 200 OK
      Cache-Control:
      - no-store
      X-Request-Version:
      - 1.16.9-3186@7b619da
      Pragma:
      - no-cache
      X-Xss-Protection:
      - 1; mode=block
      X-Request-Id:
      - 4ade7580da54845236a4e32e
      X-Runtime:
      - '0.426869'
      X-Frame-Options:
      - SAMEORIGIN
      X-Content-Type-Options:
      - nosniff
      X-Backend:
      - sbox-priv-gateway-a
    body:
      encoding: UTF-8
      string: '{"successful":true,"response":{"id":"071-C-3XUV7JWP","email":null,"reference":"bf055d8c969b86293b58ee1e07a4ecdd","first_name":"Harrold","last_name":"Humphries","created_at":"2018-05-08T21:06:56.332+10:00","address":{"address":"1
        Harriet Road","city":"Kooliablin","state":"NSW","postcode":"2222","country":"Australia"},"card_token":"fke8dzki","card_number":"512345XXXXXX2346","bank_account":null,"metadata":null},"errors":[],"test":true}'
    http_version: 
  recorded_at: Tue, 08 May 2018 11:06:56 GMT
- request:
    method: post
    uri: https://gateway.sandbox.fatzebra.com.au/v1.0/payment_plans
    body:
      encoding: UTF-8
      string: '{"payment_method":"Credit Card","customer":"071-C-3XUV7JWP","reference":"93e3a76ee82634ae4e1fc769576ae046","setup_fee":0,"amount":100,"start_date":"2015-07-16","frequency":"Weekly","anniversary":5,"total_count":5,"total_amount":500,"test":true}'
    headers:
      Accept-Encoding:
      - gzip;q=1.0,deflate;q=0.6,identity;q=0.3
      Accept:
      - application/json
      User-Agent:
      - Ruby
      Authorization:
      - Basic VEVTVDpURVNU
      Content-Type:
      - application/json
  response:
    status:
      code: 201
      message: Created
    headers:
      Date:
      - Tue, 08 May 2018 11:06:57 GMT
      Content-Type:
      - application/json; charset=utf-8
      Transfer-Encoding:
      - chunked
      Connection:
      - keep-alive
      Status:
      - 201 Created
      Cache-Control:
      - no-store
      X-Request-Version:
      - 1.16.9-3186@7b619da
      Pragma:
      - no-cache
      X-Xss-Protection:
      - 1; mode=block
      X-Request-Id:
      - e9bb9ebe20bc90d29bc667cc
      X-Runtime:
      - '0.216370'
      X-Frame-Options:
      - SAMEORIGIN
      X-Content-Type-Options:
      - nosniff
      X-Backend:
      - sbox-priv-gateway-a
    body:
      encoding: UTF-8
      string: '{"successful":true,"response":{"id":"071-PP-TDPM9FZM","customer":"071-C-3XUV7JWP","amount":100,"currency":null,"setup_fee":0,"frequency":"Weekly","anniversary":5,"start_date":"2015-07-16","end_date":null,"total_count":5,"total_amount":500,"payment_method":"Credit
        Card","reference":"93e3a76ee82634ae4e1fc769576ae046","description":null,"status":"Active","status_reason":"None","created_at":"2018-05-08T21:06:56.847+10:00","failed_payment_fee":0,"retry_interval":3,"status_change_date":null,"payments":[{"id":"071-PT-Q24BT6HY","payment_plan":"071-PP-TDPM9FZM","reference":"93e3a76ee82634ae4e1fc769576ae046-0001","amount":100,"currency":null,"scheduled_date":"2018-05-11","payment_method":"Credit
        Card","status":"Scheduled","result":null,"records":[]},{"id":"071-PT-UQT9CYJ6","payment_plan":"071-PP-TDPM9FZM","reference":"93e3a76ee82634ae4e1fc769576ae046-0002","amount":100,"currency":null,"scheduled_date":"2018-05-18","payment_method":"Credit
        Card","status":"Scheduled","result":null,"records":[]},{"id":"071-PT-GHROD05Z","payment_plan":"071-PP-TDPM9FZM","reference":"93e3a76ee82634ae4e1fc769576ae046-0003","amount":100,"currency":null,"scheduled_date":"2018-05-25","payment_method":"Credit
        Card","status":"Scheduled","result":null,"records":[]},{"id":"071-PT-PCKGXFVI","payment_plan":"071-PP-TDPM9FZM","reference":"93e3a76ee82634ae4e1fc769576ae046-0004","amount":100,"currency":null,"scheduled_date":"2018-06-01","payment_method":"Credit
        Card","status":"Scheduled","result":null,"records":[]},{"id":"071-PT-5YM6GM6C","payment_plan":"071-PP-TDPM9FZM","reference":"93e3a76ee82634ae4e1fc769576ae046-0005","amount":100,"currency":null,"scheduled_date":"2018-06-08","payment_method":"Credit
        Card","status":"Scheduled","result":null,"records":[]}]},"errors":[],"test":true}'
    http_version: 
  recorded_at: Tue, 08 May 2018 11:06:57 GMT
- request:
    method: get
    uri: https://gateway.sandbox.fatzebra.com.au/v1.0/payment_plans/93e3a76ee82634ae4e1fc769576ae046?test=true
    body:
      encoding: US-ASCII
      string: ''
    headers:
      Accept-Encoding:
      - gzip;q=1.0,deflate;q=0.6,identity;q=0.3
      Accept:
      - application/json
      User-Agent:
      - Ruby
      Host:
      - gateway.sandbox.fatzebra.com.au
      Authorization:
      - Basic VEVTVDpURVNU
      Content-Type:
      - application/json
  response:
    status:
      code: 200
      message: OK
    headers:
      Date:
      - Tue, 08 May 2018 11:06:57 GMT
      Content-Type:
      - application/json; charset=utf-8
      Transfer-Encoding:
      - chunked
      Connection:
      - keep-alive
      Status:
      - 200 OK
      Cache-Control:
      - no-store
      X-Request-Version:
      - 1.16.9-3186@7b619da
      Pragma:
      - no-cache
      X-Xss-Protection:
      - 1; mode=block
      X-Request-Id:
      - 280c19268a23dfce20b20470
      X-Runtime:
      - '0.020068'
      X-Frame-Options:
      - SAMEORIGIN
      X-Content-Type-Options:
      - nosniff
      X-Backend:
      - sbox-priv-gateway-a
    body:
      encoding: UTF-8
      string: '{"successful":true,"response":{"id":"071-PP-TDPM9FZM","customer":"071-C-3XUV7JWP","amount":100,"currency":null,"setup_fee":0,"frequency":"Weekly","anniversary":5,"start_date":"2015-07-16","end_date":null,"total_count":5,"total_amount":500,"payment_method":"Credit
        Card","reference":"93e3a76ee82634ae4e1fc769576ae046","description":null,"status":"Active","status_reason":"None","created_at":"2018-05-08T21:06:56.847+10:00","failed_payment_fee":0,"retry_interval":3,"status_change_date":null,"payments":[{"id":"071-PT-Q24BT6HY","payment_plan":"071-PP-TDPM9FZM","reference":"93e3a76ee82634ae4e1fc769576ae046-0001","amount":100,"currency":null,"scheduled_date":"2018-05-11","payment_method":"Credit
        Card","status":"Scheduled","result":null,"records":[]},{"id":"071-PT-UQT9CYJ6","payment_plan":"071-PP-TDPM9FZM","reference":"93e3a76ee82634ae4e1fc769576ae046-0002","amount":100,"currency":null,"scheduled_date":"2018-05-18","payment_method":"Credit
        Card","status":"Scheduled","result":null,"records":[]},{"id":"071-PT-GHROD05Z","payment_plan":"071-PP-TDPM9FZM","reference":"93e3a76ee82634ae4e1fc769576ae046-0003","amount":100,"currency":null,"scheduled_date":"2018-05-25","payment_method":"Credit
        Card","status":"Scheduled","result":null,"records":[]},{"id":"071-PT-PCKGXFVI","payment_plan":"071-PP-TDPM9FZM","reference":"93e3a76ee82634ae4e1fc769576ae046-0004","amount":100,"currency":null,"scheduled_date":"2018-06-01","payment_method":"Credit
        Card","status":"Scheduled","result":null,"records":[]},{"id":"071-PT-5YM6GM6C","payment_plan":"071-PP-TDPM9FZM","reference":"93e3a76ee82634ae4e1fc769576ae046-0005","amount":100,"currency":null,"scheduled_date":"2018-06-08","payment_method":"Credit
        Card","status":"Scheduled","result":null,"records":[]}]},"errors":[],"test":true}'
    http_version: 
  recorded_at: Tue, 08 May 2018 11:06:57 GMT
recorded_with: VCR 3.0.3
