---
http_interactions:
- request:
    method: post
    uri: https://gateway.sandbox.fatzebra.com.au/v1.0/customers
    body:
      encoding: UTF-8
      string: '{"first_name":"Harrold","last_name":"Humphries","reference":"f858b67e237bb8de81cdbf0f3a25e5b8","email":"hhump@test.com","ip_address":"180.200.33.181","card":{"card_holder":"Harrold
        Humphries Senior","card_number":"5123456789012346","expiry_date":"05/2023","cvv":"123"},"address":{"address":"1
        Harriet Road","city":"Kooliablin","state":"NSW","postcode":"2222","country":"Australia"},"test":true}'
    headers:
      Accept-Encoding:
      - gzip;q=1.0,deflate;q=0.6,identity;q=0.3
      Accept:
      - application/json
      User-Agent:
      - Ruby
      Authorization:
      - Basic VEVTVDpURVNU
      Content-Type:
      - application/json
  response:
    status:
      code: 200
      message: OK
    headers:
      Date:
      - Thu, 12 Jul 2018 03:20:43 GMT
      Content-Type:
      - application/json; charset=utf-8
      Transfer-Encoding:
      - chunked
      Connection:
      - keep-alive
      Status:
      - 200 OK
      Cache-Control:
      - no-store
      X-Request-Version:
      - 1.16.9-3459@214bedf
      X-Runtime:
      - '0.444629'
      Pragma:
      - no-cache
      X-Request-Id:
      - 181d789fa73bc7eda4640fe1
      X-Backend:
      - sbox-priv-gateway-a
    body:
      encoding: UTF-8
      string: '{"successful":true,"response":{"id":"071-C-FF37KW42","email":null,"reference":"f858b67e237bb8de81cdbf0f3a25e5b8","first_name":"Harrold","last_name":"Humphries","created_at":"2018-07-12T13:20:43+10:00","address":{"address":"1
        Harriet Road","city":"Kooliablin","state":"NSW","postcode":"2222","country":"Australia"},"card_token":"fke80qqs","card_number":"512345XXXXXX2346","bank_account":null,"metadata":null},"errors":[],"test":true}'
    http_version: 
  recorded_at: Thu, 12 Jul 2018 03:20:43 GMT
- request:
    method: post
    uri: https://gateway.sandbox.fatzebra.com.au/v1.0/payment_plans
    body:
      encoding: UTF-8
      string: '{"payment_method":"Credit Card","customer":"071-C-FF37KW42","reference":"dba1d26530562aa254803865d1ebd622","setup_fee":0,"amount":100,"start_date":"2018-10-10","frequency":"Weekly","anniversary":5,"total_count":5,"total_amount":500,"test":true}'
    headers:
      Accept-Encoding:
      - gzip;q=1.0,deflate;q=0.6,identity;q=0.3
      Accept:
      - application/json
      User-Agent:
      - Ruby
      Authorization:
      - Basic VEVTVDpURVNU
      Content-Type:
      - application/json
  response:
    status:
      code: 201
      message: Created
    headers:
      Date:
      - Thu, 12 Jul 2018 03:20:44 GMT
      Content-Type:
      - application/json; charset=utf-8
      Transfer-Encoding:
      - chunked
      Connection:
      - keep-alive
      Status:
      - 201 Created
      Cache-Control:
      - no-store
      X-Request-Version:
      - 1.16.9-3459@214bedf
      X-Runtime:
      - '0.265487'
      Pragma:
      - no-cache
      X-Request-Id:
      - d6ed3b10d0b73f7d72d70237
      X-Backend:
      - sbox-priv-gateway-a
    body:
      encoding: UTF-8
      string: '{"successful":true,"response":{"id":"071-PP-UY0L2C1R","customer":"071-C-FF37KW42","amount":100,"currency":null,"setup_fee":0,"frequency":"Weekly","anniversary":5,"start_date":"2018-10-10","end_date":null,"total_count":5,"total_amount":500,"payment_method":"Credit
        Card","reference":"dba1d26530562aa254803865d1ebd622","description":null,"status":"Active","status_reason":"None","created_at":"2018-07-12T13:20:44+10:00","failed_payment_fee":0,"retry_interval":3,"status_change_date":null,"payments":[{"id":"071-PT-BKXFJU2J","payment_plan":"071-PP-UY0L2C1R","reference":"dba1d26530562aa254803865d1ebd622-0001","amount":100,"currency":null,"scheduled_date":"2018-10-12","payment_method":"Credit
        Card","status":"Scheduled","result":null,"records":[]},{"id":"071-PT-7FZ4O38D","payment_plan":"071-PP-UY0L2C1R","reference":"dba1d26530562aa254803865d1ebd622-0002","amount":100,"currency":null,"scheduled_date":"2018-10-19","payment_method":"Credit
        Card","status":"Scheduled","result":null,"records":[]},{"id":"071-PT-W2X2L1A4","payment_plan":"071-PP-UY0L2C1R","reference":"dba1d26530562aa254803865d1ebd622-0003","amount":100,"currency":null,"scheduled_date":"2018-10-26","payment_method":"Credit
        Card","status":"Scheduled","result":null,"records":[]},{"id":"071-PT-FADGI534","payment_plan":"071-PP-UY0L2C1R","reference":"dba1d26530562aa254803865d1ebd622-0004","amount":100,"currency":null,"scheduled_date":"2018-11-02","payment_method":"Credit
        Card","status":"Scheduled","result":null,"records":[]},{"id":"071-PT-O6KR93HX","payment_plan":"071-PP-UY0L2C1R","reference":"dba1d26530562aa254803865d1ebd622-0005","amount":100,"currency":null,"scheduled_date":"2018-11-09","payment_method":"Credit
        Card","status":"Scheduled","result":null,"records":[]}]},"errors":[],"test":true}'
    http_version: 
  recorded_at: Thu, 12 Jul 2018 03:20:43 GMT
- request:
    method: put
    uri: https://gateway.sandbox.fatzebra.com.au/v1.0/payment_plans/071-PP-UY0L2C1R
    body:
      encoding: UTF-8
      string: '{"customer":"071-C-FF37KW42","amount":100,"currency":null,"setup_fee":0,"frequency":"Weekly","anniversary":5,"start_date":"2018-10-10","end_date":null,"total_count":5,"total_amount":500,"payment_method":"Credit
        Card","reference":"dba1d26530562aa254803865d1ebd622","description":null,"status":"Active","status_reason":"None","created_at":"2018-07-12T13:20:44+10:00","failed_payment_fee":0,"retry_interval":3,"status_change_date":null,"payments":[{"id":"071-PT-BKXFJU2J","payment_plan":"071-PP-UY0L2C1R","reference":"dba1d26530562aa254803865d1ebd622-0001","amount":100,"currency":null,"scheduled_date":"2018-10-12","payment_method":"Credit
        Card","status":"Scheduled","result":null,"records":[]},{"id":"071-PT-7FZ4O38D","payment_plan":"071-PP-UY0L2C1R","reference":"dba1d26530562aa254803865d1ebd622-0002","amount":100,"currency":null,"scheduled_date":"2018-10-19","payment_method":"Credit
        Card","status":"Scheduled","result":null,"records":[]},{"id":"071-PT-W2X2L1A4","payment_plan":"071-PP-UY0L2C1R","reference":"dba1d26530562aa254803865d1ebd622-0003","amount":100,"currency":null,"scheduled_date":"2018-10-26","payment_method":"Credit
        Card","status":"Scheduled","result":null,"records":[]},{"id":"071-PT-FADGI534","payment_plan":"071-PP-UY0L2C1R","reference":"dba1d26530562aa254803865d1ebd622-0004","amount":100,"currency":null,"scheduled_date":"2018-11-02","payment_method":"Credit
        Card","status":"Scheduled","result":null,"records":[]},{"id":"071-PT-O6KR93HX","payment_plan":"071-PP-UY0L2C1R","reference":"dba1d26530562aa254803865d1ebd622-0005","amount":100,"currency":null,"scheduled_date":"2018-11-09","payment_method":"Credit
        Card","status":"Scheduled","result":null,"records":[]}],"new_status":"Suspended","test":true}'
    headers:
      Accept-Encoding:
      - gzip;q=1.0,deflate;q=0.6,identity;q=0.3
      Accept:
      - application/json
      User-Agent:
      - Ruby
      Authorization:
      - Basic VEVTVDpURVNU
      Content-Type:
      - application/json
  response:
    status:
      code: 200
      message: OK
    headers:
      Date:
      - Thu, 12 Jul 2018 03:20:45 GMT
      Content-Type:
      - application/json; charset=utf-8
      Transfer-Encoding:
      - chunked
      Connection:
      - keep-alive
      Status:
      - 200 OK
      Cache-Control:
      - no-store
      X-Request-Version:
      - 1.16.9-3459@214bedf
      X-Runtime:
      - '0.129528'
      Pragma:
      - no-cache
      X-Request-Id:
      - bae12be8bdfcc075e1ac1e15
      X-Backend:
      - sbox-priv-gateway-a
    body:
      encoding: UTF-8
      string: '{"successful":true,"response":{"id":"071-PP-UY0L2C1R","customer":"071-C-FF37KW42","amount":100,"currency":null,"setup_fee":0,"frequency":"Weekly","anniversary":5,"start_date":"2018-10-10","end_date":null,"total_count":5,"total_amount":500,"payment_method":"Credit
        Card","reference":"dba1d26530562aa254803865d1ebd622","description":null,"status":"Suspended","status_reason":"Other","created_at":"2018-07-12T13:20:44+10:00","failed_payment_fee":0,"retry_interval":3,"status_change_date":null,"payments":[]},"errors":[],"test":true}'
    http_version: 
  recorded_at: Thu, 12 Jul 2018 03:20:44 GMT
recorded_with: VCR 3.0.3
